
> edbm-meeting-room-management-frontend@1.0.0 dev
> next dev

- ready started server on 0.0.0.0:3000, url: http://localhost:3000
- [35mevent[39m compiled client and server successfully in 2.8s (18 modules)
- [36mwait[39m compiling...
- [35mevent[39m compiled client and server successfully in 1464 ms (18 modules)
- [36mwait[39m compiling / (client and server)...
- [35mevent[39m compiled client and server successfully in 5s (190 modules)
- [36mwait[39m compiling /reservations/create (client and server)...
- [35mevent[39m compiled client and server successfully in 12.4s (255 modules)
- [36mwait[39m compiling /_error (client and server)...
- [36mwait[39m compiling /reservations/create (client and server)...
- [35mevent[39m compiled client and server successfully in 4.6s (255 modules)
- [36mwait[39m compiling /reservations (client and server)...
- [35mevent[39m compiled client and server successfully in 8.3s (303 modules)
- [36mwait[39m compiling /reservations/create (client and server)...
- [35mevent[39m compiled client and server successfully in 2.8s (253 modules)
- [36mwait[39m compiling /reservations/[id] (client and server)...
- [35mevent[39m compiled client and server successfully in 5.3s (266 modules)
- [36mwait[39m compiling / (client and server)...
- [35mevent[39m compiled client and server successfully in 711 ms (190 modules)
- [36mwait[39m compiling /login...
- [35mevent[39m compiled client and server successfully in 516 ms (220 modules)
