#
# There is insufficient memory for the Java Runtime Environment to continue.
# Native memory allocation (malloc) failed to allocate 32744 bytes. Error detail: Chunk::new
# Possible reasons:
#   The system is out of physical RAM or swap space
#   This process is running with CompressedOops enabled, and the Java Heap may be blocking the growth of the native heap
# Possible solutions:
#   Reduce memory load on the system
#   Increase physical memory or swap space
#   Check if swap backing store is full
#   Decrease Java heap size (-Xmx/-Xms)
#   Decrease number of Java threads
#   Decrease Java thread stack sizes (-Xss)
#   Set larger code cache with -XX:ReservedCodeCacheSize=
#   JVM is running with Unscaled Compressed Oops mode in which the Java heap is
#     placed in the first 4GB address space. The Java Heap base address is the
#     maximum limit for the native heap growth. Please use -XX:HeapBaseMinAddress
#     to set the Java Heap base and to place the Java Heap above 4GB virtual address.
# This output file may be truncated or incomplete.
#
#  Out of Memory Error (arena.cpp:168), pid=824, tid=11376
#
# JRE version: OpenJDK Runtime Environment Temurin-21.0.10+7 (21.0.10+7) (build 21.0.10+7-LTS)
# Java VM: OpenJDK 64-Bit Server VM Temurin-21.0.10+7 (21.0.10+7-LTS, mixed mode, sharing, tiered, compressed oops, compressed class ptrs, parallel gc, windows-amd64)
# No core dump will be written. Minidumps are not enabled by default on client versions of Windows
#

---------------  S U M M A R Y ------------

Command Line: --add-modules=ALL-SYSTEM --add-opens=java.base/java.util=ALL-UNNAMED --add-opens=java.base/java.lang=ALL-UNNAMED --add-opens=java.base/sun.nio.fs=ALL-UNNAMED -Declipse.application=org.eclipse.jdt.ls.core.id1 -Dosgi.bundles.defaultStartLevel=4 -Declipse.product=org.eclipse.jdt.ls.core.product -Djava.import.generatesMetadataFilesAtProjectRoot=false -DDetectVMInstallationsJob.disabled=true -Dfile.encoding=utf8 -XX:+UseParallelGC -XX:GCTimeRatio=4 -XX:AdaptiveSizePolicyWeight=90 -Dsun.zip.disableMemoryMapping=true -Xmx2G -Xms100m -Xlog:disable -javaagent:c:\Users\Administrateur\.vscode\extensions\redhat.java-1.53.0-win32-x64\lombok\lombok-1.18.39-4050.jar c:\Users\Administrateur\.vscode\extensions\redhat.java-1.53.0-win32-x64\server\plugins\org.eclipse.equinox.launcher_1.7.100.v20251111-0406.jar -configuration c:\Users\Administrateur\AppData\Roaming\Code\User\globalStorage\redhat.java\1.53.0\config_ss_win -data c:\Users\Administrateur\AppData\Roaming\Code\User\workspaceStorage\61f85f58c0e55916e98f71e9d969f0fa\redhat.java\ss_ws --pipe=\\.\pipe\lsp-ac647866bb0c9fe9f9106533fae684db-sock

Host: Intel(R) Core(TM) i7-6700HQ CPU @ 2.60GHz, 2 cores, 7G,  Windows 10 , 64 bit Build 19041 (10.0.19041.5915)
Time: Thu Mar 26 14:41:16 2026 Paris, Madrid elapsed time: 109.161594 seconds (0d 0h 1m 49s)

---------------  T H R E A D  ---------------

Current thread (0x00000184f3ca6490):  JavaThread "C1 CompilerThread0" daemon [_thread_in_native, id=11376, stack(0x0000003b3ea00000,0x0000003b3eb00000) (1024K)]


Current CompileTask:
C1:109161 5063   !   3       org.eclipse.jdt.internal.compiler.parser.Scanner::$SWITCH_TABLE$org$eclipse$jdt$internal$compiler$parser$TerminalToken (2065 bytes)

Stack: [0x0000003b3ea00000,0x0000003b3eb00000]
Native frames: (J=compiled Java code, j=interpreted, Vv=VM code, C=native code)
V  [jvm.dll+0x6d7a39]
V  [jvm.dll+0x8b4b26]
V  [jvm.dll+0x8b70de]
V  [jvm.dll+0x8b77c3]
V  [jvm.dll+0x284346]
V  [jvm.dll+0xc66ed]
V  [jvm.dll+0xc6c31]
V  [jvm.dll+0x1417ee]
V  [jvm.dll+0x140aa7]
V  [jvm.dll+0x1a2896]
V  [jvm.dll+0x1a4141]
V  [jvm.dll+0x1a397a]
V  [jvm.dll+0x16c8bb]
V  [jvm.dll+0x156a59]
V  [jvm.dll+0x156bd2]
V  [jvm.dll+0x156e84]
V  [jvm.dll+0x15629c]
V  [jvm.dll+0x15802d]
V  [jvm.dll+0x25b85d]
V  [jvm.dll+0x259dea]
V  [jvm.dll+0x3f857e]
V  [jvm.dll+0x85f59d]
V  [jvm.dll+0x6d626d]
C  [ucrtbase.dll+0x21bb2]
C  [KERNEL32.DLL+0x17374]
C  [ntdll.dll+0x4cc91]


---------------  P R O C E S S  ---------------

Threads class SMR info:
_java_thread_list=0x00000184f9353e40, length=27, elements={
0x00000184dd280330, 0x00000184f3c28a60, 0x00000184f3c29e10, 0x00000184f3c2d530,
0x00000184f3c2df90, 0x00000184f3c2e9f0, 0x00000184f3c2f450, 0x00000184f3c30290,
0x00000184f3ca6490, 0x00000184f4352e80, 0x00000184f44bc990, 0x00000184f495a450,
0x00000184f484c9b0, 0x00000184f4373cd0, 0x00000184f4a39190, 0x00000184f484db00,
0x00000184f49de1e0, 0x00000184f49e59d0, 0x00000184f42f74a0, 0x00000184f42f53d0,
0x00000184f42f46b0, 0x00000184f42f7b30, 0x00000184f42f5a60, 0x00000184f42f6e10,
0x00000184f42f4d40, 0x00000184f42f60f0, 0x00000184f9760370
}

Java Threads: ( => current thread )
  0x00000184dd280330 JavaThread "main"                              [_thread_blocked, id=10748, stack(0x0000003b3df00000,0x0000003b3e000000) (1024K)]
  0x00000184f3c28a60 JavaThread "Reference Handler"          daemon [_thread_blocked, id=4880, stack(0x0000003b3e300000,0x0000003b3e400000) (1024K)]
  0x00000184f3c29e10 JavaThread "Finalizer"                  daemon [_thread_blocked, id=13624, stack(0x0000003b3e400000,0x0000003b3e500000) (1024K)]
  0x00000184f3c2d530 JavaThread "Signal Dispatcher"          daemon [_thread_blocked, id=692, stack(0x0000003b3e500000,0x0000003b3e600000) (1024K)]
  0x00000184f3c2df90 JavaThread "Attach Listener"            daemon [_thread_blocked, id=13240, stack(0x0000003b3e600000,0x0000003b3e700000) (1024K)]
  0x00000184f3c2e9f0 JavaThread "Service Thread"             daemon [_thread_blocked, id=12252, stack(0x0000003b3e700000,0x0000003b3e800000) (1024K)]
  0x00000184f3c2f450 JavaThread "Monitor Deflation Thread"   daemon [_thread_blocked, id=12688, stack(0x0000003b3e800000,0x0000003b3e900000) (1024K)]
  0x00000184f3c30290 JavaThread "C2 CompilerThread0"         daemon [_thread_blocked, id=1688, stack(0x0000003b3e900000,0x0000003b3ea00000) (1024K)]
=>0x00000184f3ca6490 JavaThread "C1 CompilerThread0"         daemon [_thread_in_native, id=11376, stack(0x0000003b3ea00000,0x0000003b3eb00000) (1024K)]
  0x00000184f4352e80 JavaThread "Common-Cleaner"             daemon [_thread_blocked, id=4932, stack(0x0000003b3eb00000,0x0000003b3ec00000) (1024K)]
  0x00000184f44bc990 JavaThread "Notification Thread"        daemon [_thread_blocked, id=7760, stack(0x0000003b3ec00000,0x0000003b3ed00000) (1024K)]
  0x00000184f495a450 JavaThread "Active Thread: Equinox Container: eadad9fa-c105-4efa-b581-a09099e74629"        [_thread_blocked, id=6620, stack(0x0000003b3ee00000,0x0000003b3ef00000) (1024K)]
  0x00000184f484c9b0 JavaThread "Framework Event Dispatcher: Equinox Container: eadad9fa-c105-4efa-b581-a09099e74629" daemon [_thread_blocked, id=12040, stack(0x0000003b3ef00000,0x0000003b3f000000) (1024K)]
  0x00000184f4373cd0 JavaThread "Start Level: Equinox Container: eadad9fa-c105-4efa-b581-a09099e74629" daemon [_thread_blocked, id=9212, stack(0x0000003b3f000000,0x0000003b3f100000) (1024K)]
  0x00000184f4a39190 JavaThread "SCR Component Actor"        daemon [_thread_blocked, id=1948, stack(0x0000003b3f100000,0x0000003b3f200000) (1024K)]
  0x00000184f484db00 JavaThread "Worker-JM"                         [_thread_blocked, id=6488, stack(0x0000003b3f200000,0x0000003b3f300000) (1024K)]
  0x00000184f49de1e0 JavaThread "Worker-0"                          [_thread_blocked, id=14300, stack(0x0000003b3f300000,0x0000003b3f400000) (1024K)]
  0x00000184f49e59d0 JavaThread "Worker-1"                          [_thread_blocked, id=14008, stack(0x0000003b3f400000,0x0000003b3f500000) (1024K)]
  0x00000184f42f74a0 JavaThread "JNA Cleaner"                daemon [_thread_blocked, id=13232, stack(0x0000003b3f500000,0x0000003b3f600000) (1024K)]
  0x00000184f42f53d0 JavaThread "Thread-1"                   daemon [_thread_in_native, id=3672, stack(0x0000003b3f800000,0x0000003b3f900000) (1024K)]
  0x00000184f42f46b0 JavaThread "Thread-2"                   daemon [_thread_in_native, id=4216, stack(0x0000003b3f900000,0x0000003b3fa00000) (1024K)]
  0x00000184f42f7b30 JavaThread "Thread-3"                   daemon [_thread_in_native, id=13684, stack(0x0000003b3fa00000,0x0000003b3fb00000) (1024K)]
  0x00000184f42f5a60 JavaThread "Worker-2"                          [_thread_blocked, id=7580, stack(0x0000003b3fb00000,0x0000003b3fc00000) (1024K)]
  0x00000184f42f6e10 JavaThread "pool-2-thread-1"                   [_thread_blocked, id=8768, stack(0x0000003b3fc00000,0x0000003b3fd00000) (1024K)]
  0x00000184f42f4d40 JavaThread "WorkspaceEventsHandler"            [_thread_in_vm, id=9784, stack(0x0000003b3fd00000,0x0000003b3fe00000) (1024K)]
  0x00000184f42f60f0 JavaThread "pool-1-thread-1"                   [_thread_blocked, id=7104, stack(0x0000003b3fe00000,0x0000003b3ff00000) (1024K)]
  0x00000184f9760370 JavaThread "Compiler Processing Task"   daemon [_thread_blocked, id=920, stack(0x0000003b3ff00000,0x0000003b40000000) (1024K)]
Total: 27

Other Threads:
  0x00000184dd3410f0 VMThread "VM Thread"                           [id=5772, stack(0x0000003b3e200000,0x0000003b3e300000) (1024K)]
  0x00000184dd2edfb0 WatcherThread "VM Periodic Task Thread"        [id=9744, stack(0x0000003b3e100000,0x0000003b3e200000) (1024K)]
  0x00000184dd29e3a0 WorkerThread "GC Thread#0"                     [id=7008, stack(0x0000003b3e000000,0x0000003b3e100000) (1024K)]
  0x00000184f4558410 WorkerThread "GC Thread#1"                     [id=14036, stack(0x0000003b3ed00000,0x0000003b3ee00000) (1024K)]
Total: 4

Threads with active compile tasks:
C1 CompilerThread0  109189 5063   !   3       org.eclipse.jdt.internal.compiler.parser.Scanner::$SWITCH_TABLE$org$eclipse$jdt$internal$compiler$parser$TerminalToken (2065 bytes)
Total: 1

VM state: not at safepoint (normal execution)

VM Mutex/Monitor currently owned by a thread: None

Heap address: 0x0000000080000000, size: 2048 MB, Compressed Oops mode: 32-bit

CDS archive(s) mapped at: [0x0000018480000000-0x0000018480ba0000-0x0000018480ba0000), size 12189696, SharedBaseAddress: 0x0000018480000000, ArchiveRelocationMode: 1.
Compressed class space mapped at: 0x0000018481000000-0x00000184c1000000, reserved size: 1073741824
Narrow klass base: 0x0000018480000000, Narrow klass shift: 0, Narrow klass range: 0x100000000

GC Precious Log:
 CardTable entry size: 512
 CPUs: 2 total, 2 available
 Memory: 8090M
 Large Page Support: Disabled
 NUMA Support: Disabled
 Compressed Oops: Enabled (32-bit)
 Alignments: Space 512K, Generation 512K, Heap 2M
 Heap Min Capacity: 100M
 Heap Initial Capacity: 100M
 Heap Max Capacity: 2G
 Pre-touch: Disabled
 Parallel Workers: 2

Heap:
 PSYoungGen      total 22528K, used 7977K [0x00000000d5580000, 0x00000000d6f00000, 0x0000000100000000)
  eden space 21504K, 34% used [0x00000000d5580000,0x00000000d5cc6560,0x00000000d6a80000)
  from space 1024K, 51% used [0x00000000d6e00000,0x00000000d6e84030,0x00000000d6f00000)
  to   space 1024K, 0% used [0x00000000d6d00000,0x00000000d6d00000,0x00000000d6e00000)
 ParOldGen       total 68608K, used 31829K [0x0000000080000000, 0x0000000084300000, 0x00000000d5580000)
  object space 68608K, 46% used [0x0000000080000000,0x0000000081f15430,0x0000000084300000)
 Metaspace       used 40644K, committed 41600K, reserved 1114112K
  class space    used 4093K, committed 4544K, reserved 1048576K

Card table byte_map: [0x00000184dcc60000,0x00000184dd070000] _byte_map_base: 0x00000184dc860000

Marking Bits: (ParMarkBitMap*) 0x00007ffdada73450
 Begin Bits: [0x00000184ef740000, 0x00000184f1740000)
 End Bits:   [0x00000184f1740000, 0x00000184f3740000)

Polling page: 0x00000184dca50000

Metaspace:

Usage:
  Non-class:     35.69 MB used.
      Class:      4.00 MB used.
       Both:     39.69 MB used.

Virtual space:
  Non-class space:       64.00 MB reserved,      36.19 MB ( 57%) committed,  1 nodes.
      Class space:        1.00 GB reserved,       4.44 MB ( <1%) committed,  1 nodes.
             Both:        1.06 GB reserved,      40.62 MB (  4%) committed. 

Chunk freelists:
   Non-Class:  11.19 MB
       Class:  11.45 MB
        Both:  22.64 MB

MaxMetaspaceSize: unlimited
CompressedClassSpaceSize: 1.00 GB
Initial GC threshold: 21.00 MB
Current GC threshold: 58.38 MB
CDS: on
 - commit_granule_bytes: 65536.
 - commit_granule_words: 8192.
 - virtual_space_node_default_size: 8388608.
 - enlarge_chunks_in_place: 1.
 - use_allocation_guard: 0.


Internal statistics:

num_allocs_failed_limit: 6.
num_arena_births: 698.
num_arena_deaths: 14.
num_vsnodes_births: 2.
num_vsnodes_deaths: 0.
num_space_committed: 650.
num_space_uncommitted: 0.
num_chunks_returned_to_freelist: 20.
num_chunks_taken_from_freelist: 2292.
num_chunk_merges: 12.
num_chunk_splits: 1505.
num_chunks_enlarged: 1016.
num_inconsistent_stats: 0.

CodeHeap 'non-profiled nmethods': size=120064Kb used=2922Kb max_used=2922Kb free=117141Kb
 bounds [0x00000184e7f50000, 0x00000184e8230000, 0x00000184ef490000]
CodeHeap 'profiled nmethods': size=120000Kb used=9869Kb max_used=9869Kb free=110130Kb
 bounds [0x00000184e0490000, 0x00000184e0e40000, 0x00000184e79c0000]
CodeHeap 'non-nmethods': size=5696Kb used=1390Kb max_used=1459Kb free=4305Kb
 bounds [0x00000184e79c0000, 0x00000184e7c30000, 0x00000184e7f50000]
CodeCache: size=245760Kb, used=14181Kb, max_used=14250Kb, free=231576Kb
 total_blobs=5358, nmethods=4658, adapters=606, full_count=0
Compilation: enabled, stopped_count=0, restarted_count=0

Compilation events (20 events):
Event: 109.148 Thread 0x00000184f3ca6490 5054       3       org.eclipse.jdt.internal.core.PackageFragment::equals (56 bytes)
Event: 109.148 Thread 0x00000184f3ca6490 nmethod 5054 0x00000184e0e30810 code [0x00000184e0e30a00, 0x00000184e0e310a0]
Event: 109.150 Thread 0x00000184f3ca6490 5056  s    3       sun.nio.ch.ChannelInputStream::read (77 bytes)
Event: 109.150 Thread 0x00000184f3ca6490 nmethod 5056 0x00000184e0e31210 code [0x00000184e0e31440, 0x00000184e0e31c20]
Event: 109.151 Thread 0x00000184f3ca6490 5057       3       java.lang.Integer::equals (29 bytes)
Event: 109.151 Thread 0x00000184f3ca6490 nmethod 5057 0x00000184e0e31f10 code [0x00000184e0e320c0, 0x00000184e0e32488]
Event: 109.151 Thread 0x00000184f3ca6490 5058       3       java.util.Hashtable$Enumerator::next (27 bytes)
Event: 109.151 Thread 0x00000184f3ca6490 nmethod 5058 0x00000184e0e32590 code [0x00000184e0e32760, 0x00000184e0e329b8]
Event: 109.151 Thread 0x00000184f3ca6490 5059       3       java.util.Hashtable$Enumerator::nextElement (111 bytes)
Event: 109.151 Thread 0x00000184f3c30290 nmethod 5048 0x00000184e8229590 code [0x00000184e8229780, 0x00000184e8229f50]
Event: 109.151 Thread 0x00000184f3c30290 5055       4       java.lang.Boolean::valueOf (14 bytes)
Event: 109.152 Thread 0x00000184f3ca6490 nmethod 5059 0x00000184e0e32b10 code [0x00000184e0e32ce0, 0x00000184e0e33108]
Event: 109.152 Thread 0x00000184f3c30290 nmethod 5055 0x00000184e822a410 code [0x00000184e822a5a0, 0x00000184e822a620]
Event: 109.152 Thread 0x00000184f3ca6490 5060       3       org.eclipse.jdt.internal.compiler.impl.CompilerOptions::getSeverityString (49 bytes)
Event: 109.152 Thread 0x00000184f3c30290 5062       4       org.eclipse.jdt.internal.compiler.impl.IrritantSet::clear (22 bytes)
Event: 109.153 Thread 0x00000184f3ca6490 nmethod 5060 0x00000184e0e33290 code [0x00000184e0e33480, 0x00000184e0e33978]
Event: 109.153 Thread 0x00000184f3ca6490 5061       3       org.eclipse.jdt.internal.compiler.impl.IrritantSet::set (23 bytes)
Event: 109.153 Thread 0x00000184f3ca6490 nmethod 5061 0x00000184e0e33b90 code [0x00000184e0e33d40, 0x00000184e0e33e98]
Event: 109.153 Thread 0x00000184f3c30290 nmethod 5062 0x00000184e822a710 code [0x00000184e822a8a0, 0x00000184e822a988]
Event: 109.153 Thread 0x00000184f3ca6490 5063   !   3       org.eclipse.jdt.internal.compiler.parser.Scanner::$SWITCH_TABLE$org$eclipse$jdt$internal$compiler$parser$TerminalToken (2065 bytes)

GC Heap History (20 events):
Event: 63.640 GC heap before
{Heap before GC invocations=13 (full 1):
 PSYoungGen      total 25088K, used 25073K [0x00000000d5580000, 0x00000000d7300000, 0x0000000100000000)
  eden space 22528K, 100% used [0x00000000d5580000,0x00000000d6b80000,0x00000000d6b80000)
  from space 2560K, 99% used [0x00000000d6d80000,0x00000000d6ffc420,0x00000000d7000000)
  to   space 3072K, 0% used [0x00000000d7000000,0x00000000d7000000,0x00000000d7300000)
 ParOldGen       total 68608K, used 17557K [0x0000000080000000, 0x0000000084300000, 0x00000000d5580000)
  object space 68608K, 25% used [0x0000000080000000,0x0000000081125760,0x0000000084300000)
 Metaspace       used 32809K, committed 33728K, reserved 1114112K
  class space    used 3336K, committed 3712K, reserved 1048576K
}
Event: 63.649 GC heap after
{Heap after GC invocations=13 (full 1):
 PSYoungGen      total 25088K, used 2594K [0x00000000d5580000, 0x00000000d7300000, 0x0000000100000000)
  eden space 22016K, 0% used [0x00000000d5580000,0x00000000d5580000,0x00000000d6b00000)
  from space 3072K, 84% used [0x00000000d7000000,0x00000000d7288810,0x00000000d7300000)
  to   space 3072K, 0% used [0x00000000d6d00000,0x00000000d6d00000,0x00000000d7000000)
 ParOldGen       total 68608K, used 19945K [0x0000000080000000, 0x0000000084300000, 0x00000000d5580000)
  object space 68608K, 29% used [0x0000000080000000,0x000000008137a440,0x0000000084300000)
 Metaspace       used 32809K, committed 33728K, reserved 1114112K
  class space    used 3336K, committed 3712K, reserved 1048576K
}
Event: 64.265 GC heap before
{Heap before GC invocations=14 (full 1):
 PSYoungGen      total 25088K, used 24610K [0x00000000d5580000, 0x00000000d7300000, 0x0000000100000000)
  eden space 22016K, 100% used [0x00000000d5580000,0x00000000d6b00000,0x00000000d6b00000)
  from space 3072K, 84% used [0x00000000d7000000,0x00000000d7288810,0x00000000d7300000)
  to   space 3072K, 0% used [0x00000000d6d00000,0x00000000d6d00000,0x00000000d7000000)
 ParOldGen       total 68608K, used 19945K [0x0000000080000000, 0x0000000084300000, 0x00000000d5580000)
  object space 68608K, 29% used [0x0000000080000000,0x000000008137a440,0x0000000084300000)
 Metaspace       used 32817K, committed 33728K, reserved 1114112K
  class space    used 3336K, committed 3712K, reserved 1048576K
}
Event: 64.273 GC heap after
{Heap after GC invocations=14 (full 1):
 PSYoungGen      total 24576K, used 2340K [0x00000000d5580000, 0x00000000d7080000, 0x0000000100000000)
  eden space 22016K, 0% used [0x00000000d5580000,0x00000000d5580000,0x00000000d6b00000)
  from space 2560K, 91% used [0x00000000d6d00000,0x00000000d6f49000,0x00000000d6f80000)
  to   space 1024K, 0% used [0x00000000d6f80000,0x00000000d6f80000,0x00000000d7080000)
 ParOldGen       total 68608K, used 22393K [0x0000000080000000, 0x0000000084300000, 0x00000000d5580000)
  object space 68608K, 32% used [0x0000000080000000,0x00000000815de450,0x0000000084300000)
 Metaspace       used 32817K, committed 33728K, reserved 1114112K
  class space    used 3336K, committed 3712K, reserved 1048576K
}
Event: 64.786 GC heap before
{Heap before GC invocations=15 (full 1):
 PSYoungGen      total 24576K, used 24356K [0x00000000d5580000, 0x00000000d7080000, 0x0000000100000000)
  eden space 22016K, 100% used [0x00000000d5580000,0x00000000d6b00000,0x00000000d6b00000)
  from space 2560K, 91% used [0x00000000d6d00000,0x00000000d6f49000,0x00000000d6f80000)
  to   space 1024K, 0% used [0x00000000d6f80000,0x00000000d6f80000,0x00000000d7080000)
 ParOldGen       total 68608K, used 22393K [0x0000000080000000, 0x0000000084300000, 0x00000000d5580000)
  object space 68608K, 32% used [0x0000000080000000,0x00000000815de450,0x0000000084300000)
 Metaspace       used 32846K, committed 33728K, reserved 1114112K
  class space    used 3336K, committed 3712K, reserved 1048576K
}
Event: 64.794 GC heap after
{Heap after GC invocations=15 (full 1):
 PSYoungGen      total 22528K, used 992K [0x00000000d5580000, 0x00000000d7500000, 0x0000000100000000)
  eden space 21504K, 0% used [0x00000000d5580000,0x00000000d5580000,0x00000000d6a80000)
  from space 1024K, 96% used [0x00000000d6f80000,0x00000000d7078010,0x00000000d7080000)
  to   space 5120K, 0% used [0x00000000d6a80000,0x00000000d6a80000,0x00000000d6f80000)
 ParOldGen       total 68608K, used 26054K [0x0000000080000000, 0x0000000084300000, 0x00000000d5580000)
  object space 68608K, 37% used [0x0000000080000000,0x0000000081971a78,0x0000000084300000)
 Metaspace       used 32846K, committed 33728K, reserved 1114112K
  class space    used 3336K, committed 3712K, reserved 1048576K
}
Event: 65.415 GC heap before
{Heap before GC invocations=16 (full 1):
 PSYoungGen      total 22528K, used 22496K [0x00000000d5580000, 0x00000000d7500000, 0x0000000100000000)
  eden space 21504K, 100% used [0x00000000d5580000,0x00000000d6a80000,0x00000000d6a80000)
  from space 1024K, 96% used [0x00000000d6f80000,0x00000000d7078010,0x00000000d7080000)
  to   space 5120K, 0% used [0x00000000d6a80000,0x00000000d6a80000,0x00000000d6f80000)
 ParOldGen       total 68608K, used 26054K [0x0000000080000000, 0x0000000084300000, 0x00000000d5580000)
  object space 68608K, 37% used [0x0000000080000000,0x0000000081971a78,0x0000000084300000)
 Metaspace       used 33325K, committed 34240K, reserved 1114112K
  class space    used 3370K, committed 3776K, reserved 1048576K
}
Event: 65.423 GC heap after
{Heap after GC invocations=16 (full 1):
 PSYoungGen      total 26624K, used 4584K [0x00000000d5580000, 0x00000000d7480000, 0x0000000100000000)
  eden space 21504K, 0% used [0x00000000d5580000,0x00000000d5580000,0x00000000d6a80000)
  from space 5120K, 89% used [0x00000000d6a80000,0x00000000d6efa3f8,0x00000000d6f80000)
  to   space 5120K, 0% used [0x00000000d6f80000,0x00000000d6f80000,0x00000000d7480000)
 ParOldGen       total 68608K, used 27054K [0x0000000080000000, 0x0000000084300000, 0x00000000d5580000)
  object space 68608K, 39% used [0x0000000080000000,0x0000000081a6ba88,0x0000000084300000)
 Metaspace       used 33325K, committed 34240K, reserved 1114112K
  class space    used 3370K, committed 3776K, reserved 1048576K
}
Event: 65.981 GC heap before
{Heap before GC invocations=17 (full 1):
 PSYoungGen      total 26624K, used 12945K [0x00000000d5580000, 0x00000000d7480000, 0x0000000100000000)
  eden space 21504K, 38% used [0x00000000d5580000,0x00000000d5daa3b8,0x00000000d6a80000)
  from space 5120K, 89% used [0x00000000d6a80000,0x00000000d6efa3f8,0x00000000d6f80000)
  to   space 5120K, 0% used [0x00000000d6f80000,0x00000000d6f80000,0x00000000d7480000)
 ParOldGen       total 68608K, used 27054K [0x0000000080000000, 0x0000000084300000, 0x00000000d5580000)
  object space 68608K, 39% used [0x0000000080000000,0x0000000081a6ba88,0x0000000084300000)
 Metaspace       used 35006K, committed 35840K, reserved 1114112K
  class space    used 3524K, committed 3904K, reserved 1048576K
}
Event: 65.992 GC heap after
{Heap after GC invocations=17 (full 1):
 PSYoungGen      total 22528K, used 660K [0x00000000d5580000, 0x00000000d7080000, 0x0000000100000000)
  eden space 21504K, 0% used [0x00000000d5580000,0x00000000d5580000,0x00000000d6a80000)
  from space 1024K, 64% used [0x00000000d6f80000,0x00000000d70252e8,0x00000000d7080000)
  to   space 2560K, 0% used [0x00000000d6b80000,0x00000000d6b80000,0x00000000d6e00000)
 ParOldGen       total 68608K, used 31261K [0x0000000080000000, 0x0000000084300000, 0x00000000d5580000)
  object space 68608K, 45% used [0x0000000080000000,0x0000000081e87628,0x0000000084300000)
 Metaspace       used 35006K, committed 35840K, reserved 1114112K
  class space    used 3524K, committed 3904K, reserved 1048576K
}
Event: 65.992 GC heap before
{Heap before GC invocations=18 (full 2):
 PSYoungGen      total 22528K, used 660K [0x00000000d5580000, 0x00000000d7080000, 0x0000000100000000)
  eden space 21504K, 0% used [0x00000000d5580000,0x00000000d5580000,0x00000000d6a80000)
  from space 1024K, 64% used [0x00000000d6f80000,0x00000000d70252e8,0x00000000d7080000)
  to   space 2560K, 0% used [0x00000000d6b80000,0x00000000d6b80000,0x00000000d6e00000)
 ParOldGen       total 68608K, used 31261K [0x0000000080000000, 0x0000000084300000, 0x00000000d5580000)
  object space 68608K, 45% used [0x0000000080000000,0x0000000081e87628,0x0000000084300000)
 Metaspace       used 35006K, committed 35840K, reserved 1114112K
  class space    used 3524K, committed 3904K, reserved 1048576K
}
Event: 66.139 GC heap after
{Heap after GC invocations=18 (full 2):
 PSYoungGen      total 22528K, used 0K [0x00000000d5580000, 0x00000000d7080000, 0x0000000100000000)
  eden space 21504K, 0% used [0x00000000d5580000,0x00000000d5580000,0x00000000d6a80000)
  from space 1024K, 0% used [0x00000000d6f80000,0x00000000d6f80000,0x00000000d7080000)
  to   space 2560K, 0% used [0x00000000d6b80000,0x00000000d6b80000,0x00000000d6e00000)
 ParOldGen       total 68608K, used 29373K [0x0000000080000000, 0x0000000084300000, 0x00000000d5580000)
  object space 68608K, 42% used [0x0000000080000000,0x0000000081caf718,0x0000000084300000)
 Metaspace       used 35006K, committed 35840K, reserved 1114112K
  class space    used 3524K, committed 3904K, reserved 1048576K
}
Event: 67.795 GC heap before
{Heap before GC invocations=19 (full 2):
 PSYoungGen      total 22528K, used 21504K [0x00000000d5580000, 0x00000000d7080000, 0x0000000100000000)
  eden space 21504K, 100% used [0x00000000d5580000,0x00000000d6a80000,0x00000000d6a80000)
  from space 1024K, 0% used [0x00000000d6f80000,0x00000000d6f80000,0x00000000d7080000)
  to   space 2560K, 0% used [0x00000000d6b80000,0x00000000d6b80000,0x00000000d6e00000)
 ParOldGen       total 68608K, used 29373K [0x0000000080000000, 0x0000000084300000, 0x00000000d5580000)
  object space 68608K, 42% used [0x0000000080000000,0x0000000081caf718,0x0000000084300000)
 Metaspace       used 36514K, committed 37504K, reserved 1114112K
  class space    used 3702K, committed 4160K, reserved 1048576K
}
Event: 67.798 GC heap after
{Heap after GC invocations=19 (full 2):
 PSYoungGen      total 24064K, used 1048K [0x00000000d5580000, 0x00000000d7000000, 0x0000000100000000)
  eden space 21504K, 0% used [0x00000000d5580000,0x00000000d5580000,0x00000000d6a80000)
  from space 2560K, 40% used [0x00000000d6b80000,0x00000000d6c862f8,0x00000000d6e00000)
  to   space 1536K, 0% used [0x00000000d6e80000,0x00000000d6e80000,0x00000000d7000000)
 ParOldGen       total 68608K, used 29381K [0x0000000080000000, 0x0000000084300000, 0x00000000d5580000)
  object space 68608K, 42% used [0x0000000080000000,0x0000000081cb1718,0x0000000084300000)
 Metaspace       used 36514K, committed 37504K, reserved 1114112K
  class space    used 3702K, committed 4160K, reserved 1048576K
}
Event: 68.834 GC heap before
{Heap before GC invocations=20 (full 2):
 PSYoungGen      total 24064K, used 22552K [0x00000000d5580000, 0x00000000d7000000, 0x0000000100000000)
  eden space 21504K, 100% used [0x00000000d5580000,0x00000000d6a80000,0x00000000d6a80000)
  from space 2560K, 40% used [0x00000000d6b80000,0x00000000d6c862f8,0x00000000d6e00000)
  to   space 1536K, 0% used [0x00000000d6e80000,0x00000000d6e80000,0x00000000d7000000)
 ParOldGen       total 68608K, used 29381K [0x0000000080000000, 0x0000000084300000, 0x00000000d5580000)
  object space 68608K, 42% used [0x0000000080000000,0x0000000081cb1718,0x0000000084300000)
 Metaspace       used 37590K, committed 38528K, reserved 1114112K
  class space    used 3801K, committed 4224K, reserved 1048576K
}
Event: 68.836 GC heap after
{Heap after GC invocations=20 (full 2):
 PSYoungGen      total 22528K, used 792K [0x00000000d5580000, 0x00000000d6f80000, 0x0000000100000000)
  eden space 21504K, 0% used [0x00000000d5580000,0x00000000d5580000,0x00000000d6a80000)
  from space 1024K, 77% used [0x00000000d6e80000,0x00000000d6f46218,0x00000000d6f80000)
  to   space 1024K, 0% used [0x00000000d6d80000,0x00000000d6d80000,0x00000000d6e80000)
 ParOldGen       total 68608K, used 30275K [0x0000000080000000, 0x0000000084300000, 0x00000000d5580000)
  object space 68608K, 44% used [0x0000000080000000,0x0000000081d90da8,0x0000000084300000)
 Metaspace       used 37590K, committed 38528K, reserved 1114112K
  class space    used 3801K, committed 4224K, reserved 1048576K
}
Event: 69.585 GC heap before
{Heap before GC invocations=21 (full 2):
 PSYoungGen      total 22528K, used 22296K [0x00000000d5580000, 0x00000000d6f80000, 0x0000000100000000)
  eden space 21504K, 100% used [0x00000000d5580000,0x00000000d6a80000,0x00000000d6a80000)
  from space 1024K, 77% used [0x00000000d6e80000,0x00000000d6f46218,0x00000000d6f80000)
  to   space 1024K, 0% used [0x00000000d6d80000,0x00000000d6d80000,0x00000000d6e80000)
 ParOldGen       total 68608K, used 30275K [0x0000000080000000, 0x0000000084300000, 0x00000000d5580000)
  object space 68608K, 44% used [0x0000000080000000,0x0000000081d90da8,0x0000000084300000)
 Metaspace       used 37613K, committed 38592K, reserved 1114112K
  class space    used 3801K, committed 4224K, reserved 1048576K
}
Event: 69.586 GC heap after
{Heap after GC invocations=21 (full 2):
 PSYoungGen      total 22016K, used 489K [0x00000000d5580000, 0x00000000d6f00000, 0x0000000100000000)
  eden space 21504K, 0% used [0x00000000d5580000,0x00000000d5580000,0x00000000d6a80000)
  from space 512K, 95% used [0x00000000d6d80000,0x00000000d6dfa730,0x00000000d6e00000)
  to   space 1024K, 0% used [0x00000000d6e00000,0x00000000d6e00000,0x00000000d6f00000)
 ParOldGen       total 68608K, used 31031K [0x0000000080000000, 0x0000000084300000, 0x00000000d5580000)
  object space 68608K, 45% used [0x0000000080000000,0x0000000081e4df20,0x0000000084300000)
 Metaspace       used 37613K, committed 38592K, reserved 1114112K
  class space    used 3801K, committed 4224K, reserved 1048576K
}
Event: 71.854 GC heap before
{Heap before GC invocations=22 (full 2):
 PSYoungGen      total 22016K, used 21993K [0x00000000d5580000, 0x00000000d6f00000, 0x0000000100000000)
  eden space 21504K, 100% used [0x00000000d5580000,0x00000000d6a80000,0x00000000d6a80000)
  from space 512K, 95% used [0x00000000d6d80000,0x00000000d6dfa730,0x00000000d6e00000)
  to   space 1024K, 0% used [0x00000000d6e00000,0x00000000d6e00000,0x00000000d6f00000)
 ParOldGen       total 68608K, used 31031K [0x0000000080000000, 0x0000000084300000, 0x00000000d5580000)
  object space 68608K, 45% used [0x0000000080000000,0x0000000081e4df20,0x0000000084300000)
 Metaspace       used 39770K, committed 40704K, reserved 1114112K
  class space    used 4001K, committed 4416K, reserved 1048576K
}
Event: 71.856 GC heap after
{Heap after GC invocations=22 (full 2):
 PSYoungGen      total 22528K, used 528K [0x00000000d5580000, 0x00000000d6f00000, 0x0000000100000000)
  eden space 21504K, 0% used [0x00000000d5580000,0x00000000d5580000,0x00000000d6a80000)
  from space 1024K, 51% used [0x00000000d6e00000,0x00000000d6e84030,0x00000000d6f00000)
  to   space 1024K, 0% used [0x00000000d6d00000,0x00000000d6d00000,0x00000000d6e00000)
 ParOldGen       total 68608K, used 31829K [0x0000000080000000, 0x0000000084300000, 0x00000000d5580000)
  object space 68608K, 46% used [0x0000000080000000,0x0000000081f15430,0x0000000084300000)
 Metaspace       used 39770K, committed 40704K, reserved 1114112K
  class space    used 4001K, committed 4416K, reserved 1048576K
}

Dll operation events (12 events):
Event: 0.910 Loaded shared library c:\Users\Administrateur\.vscode\extensions\redhat.java-1.53.0-win32-x64\jre\21.0.10-win32-x86_64\bin\java.dll
Event: 1.335 Loaded shared library c:\Users\Administrateur\.vscode\extensions\redhat.java-1.53.0-win32-x64\jre\21.0.10-win32-x86_64\bin\zip.dll
Event: 1.456 Loaded shared library C:\Users\Administrateur\.vscode\extensions\redhat.java-1.53.0-win32-x64\jre\21.0.10-win32-x86_64\bin\instrument.dll
Event: 1.651 Loaded shared library C:\Users\Administrateur\.vscode\extensions\redhat.java-1.53.0-win32-x64\jre\21.0.10-win32-x86_64\bin\net.dll
Event: 1.778 Loaded shared library C:\Users\Administrateur\.vscode\extensions\redhat.java-1.53.0-win32-x64\jre\21.0.10-win32-x86_64\bin\nio.dll
Event: 1.786 Loaded shared library C:\Users\Administrateur\.vscode\extensions\redhat.java-1.53.0-win32-x64\jre\21.0.10-win32-x86_64\bin\zip.dll
Event: 1.860 Loaded shared library C:\Users\Administrateur\.vscode\extensions\redhat.java-1.53.0-win32-x64\jre\21.0.10-win32-x86_64\bin\jimage.dll
Event: 2.600 Loaded shared library c:\Users\Administrateur\.vscode\extensions\redhat.java-1.53.0-win32-x64\jre\21.0.10-win32-x86_64\bin\verify.dll
Event: 37.065 Loaded shared library C:\Users\Administrateur\AppData\Roaming\Code\User\globalStorage\redhat.java\1.53.0\config_ss_win\org.eclipse.equinox.launcher\org.eclipse.equinox.launcher.win32.win32.x86_64_1.3.0.v20260203-2149\eclipse_11919.dll
Event: 39.334 Loaded shared library C:\Users\Administrateur\.vscode\extensions\redhat.java-1.53.0-win32-x64\jre\21.0.10-win32-x86_64\bin\management.dll
Event: 39.457 Loaded shared library C:\Users\Administrateur\.vscode\extensions\redhat.java-1.53.0-win32-x64\jre\21.0.10-win32-x86_64\bin\management_ext.dll
Event: 45.021 Loaded shared library C:\Users\Administrateur\AppData\Local\Temp\jna-253705784\jna8059078548929826244.dll

Deoptimization events (20 events):
Event: 71.823 Thread 0x00000184f49e59d0 DEOPT PACKING pc=0x00000184e8147728 sp=0x0000003b3f4fd530
Event: 71.823 Thread 0x00000184f49e59d0 DEOPT UNPACKING pc=0x00000184e7a13aa2 sp=0x0000003b3f4fd540 mode 2
Event: 71.888 Thread 0x00000184f49e59d0 Uncommon trap: trap_request=0xffffff6e fr.pc=0x00000184e81b2438 relative=0x00000000000003f8
Event: 71.888 Thread 0x00000184f49e59d0 Uncommon trap: reason=loop_limit_check action=maybe_recompile pc=0x00000184e81b2438 method=org.eclipse.jdt.internal.compiler.classfmt.ClassFileStruct.utf8At(II)[C @ 143 c2
Event: 71.888 Thread 0x00000184f49e59d0 DEOPT PACKING pc=0x00000184e81b2438 sp=0x0000003b3f4fd5e0
Event: 71.888 Thread 0x00000184f49e59d0 DEOPT UNPACKING pc=0x00000184e7a13aa2 sp=0x0000003b3f4fd578 mode 2
Event: 71.979 Thread 0x00000184f49e59d0 Uncommon trap: trap_request=0xffffff45 fr.pc=0x00000184e81bce08 relative=0x00000000000001c8
Event: 71.979 Thread 0x00000184f49e59d0 Uncommon trap: reason=unstable_if action=reinterpret pc=0x00000184e81bce08 method=java.util.stream.AbstractPipeline.spliterator()Ljava/util/Spliterator; @ 27 c2
Event: 71.979 Thread 0x00000184f49e59d0 DEOPT PACKING pc=0x00000184e81bce08 sp=0x0000003b3f4fe080
Event: 71.979 Thread 0x00000184f49e59d0 DEOPT UNPACKING pc=0x00000184e7a13aa2 sp=0x0000003b3f4fe020 mode 2
Event: 72.069 Thread 0x00000184f9760370 DEOPT PACKING pc=0x00000184e0e0ca2c sp=0x0000003b3fffde10
Event: 72.069 Thread 0x00000184f9760370 DEOPT UNPACKING pc=0x00000184e7a14242 sp=0x0000003b3fffd4c0 mode 0
Event: 72.158 Thread 0x00000184f9760370 Uncommon trap: trap_request=0xffffff45 fr.pc=0x00000184e7f60ee8 relative=0x00000000000000c8
Event: 72.158 Thread 0x00000184f9760370 Uncommon trap: reason=unstable_if action=reinterpret pc=0x00000184e7f60ee8 method=java.util.Hashtable$Enumerator.nextElement()Ljava/lang/Object; @ 87 c2
Event: 72.158 Thread 0x00000184f9760370 DEOPT PACKING pc=0x00000184e7f60ee8 sp=0x0000003b3fffede0
Event: 72.158 Thread 0x00000184f9760370 DEOPT UNPACKING pc=0x00000184e7a13aa2 sp=0x0000003b3fffed08 mode 2
Event: 72.162 Thread 0x00000184f49e59d0 Uncommon trap: trap_request=0xffffff45 fr.pc=0x00000184e80ea5bc relative=0x000000000000009c
Event: 72.162 Thread 0x00000184f49e59d0 Uncommon trap: reason=unstable_if action=reinterpret pc=0x00000184e80ea5bc method=java.util.Hashtable$Enumerator.nextElement()Ljava/lang/Object; @ 87 c2
Event: 72.162 Thread 0x00000184f49e59d0 DEOPT PACKING pc=0x00000184e80ea5bc sp=0x0000003b3f4fe1e0
Event: 72.162 Thread 0x00000184f49e59d0 DEOPT UNPACKING pc=0x00000184e7a13aa2 sp=0x0000003b3f4fe168 mode 2

Classes loaded (20 events):
Event: 71.317 Loading class java/util/ImmutableCollections$SubList
Event: 71.317 Loading class java/util/ImmutableCollections$SubList done
Event: 71.581 Loading class sun/nio/cs/ThreadLocalCoders
Event: 71.582 Loading class sun/nio/cs/ThreadLocalCoders done
Event: 71.582 Loading class sun/nio/cs/ThreadLocalCoders$1
Event: 71.582 Loading class sun/nio/cs/ThreadLocalCoders$Cache
Event: 71.582 Loading class sun/nio/cs/ThreadLocalCoders$Cache done
Event: 71.582 Loading class sun/nio/cs/ThreadLocalCoders$1 done
Event: 71.582 Loading class sun/nio/cs/ThreadLocalCoders$2
Event: 71.582 Loading class sun/nio/cs/ThreadLocalCoders$2 done
Event: 71.847 Loading class java/util/stream/ReduceOps$4
Event: 71.848 Loading class java/util/stream/ReduceOps$4 done
Event: 71.848 Loading class java/util/stream/ReduceOps$4ReducingSink
Event: 71.848 Loading class java/util/stream/ReduceOps$4ReducingSink done
Event: 71.858 Loading class java/nio/file/Files$2
Event: 71.858 Loading class java/nio/file/Files$2 done
Event: 71.981 Loading class java/util/concurrent/ArrayBlockingQueue
Event: 71.982 Loading class java/util/concurrent/ArrayBlockingQueue done
Event: 72.157 Loading class java/util/Hashtable$ValueCollection
Event: 72.158 Loading class java/util/Hashtable$ValueCollection done

Classes unloaded (7 events):
Event: 42.479 Thread 0x00000184dd3410f0 Unloading class 0x000001848118cc00 'java/lang/invoke/LambdaForm$MH+0x000001848118cc00'
Event: 42.479 Thread 0x00000184dd3410f0 Unloading class 0x000001848118c800 'java/lang/invoke/LambdaForm$MH+0x000001848118c800'
Event: 42.479 Thread 0x00000184dd3410f0 Unloading class 0x000001848118c400 'java/lang/invoke/LambdaForm$MH+0x000001848118c400'
Event: 42.479 Thread 0x00000184dd3410f0 Unloading class 0x000001848118c000 'java/lang/invoke/LambdaForm$MH+0x000001848118c000'
Event: 42.479 Thread 0x00000184dd3410f0 Unloading class 0x000001848118bc00 'java/lang/invoke/LambdaForm$BMH+0x000001848118bc00'
Event: 42.479 Thread 0x00000184dd3410f0 Unloading class 0x000001848118b800 'java/lang/invoke/LambdaForm$DMH+0x000001848118b800'
Event: 42.479 Thread 0x00000184dd3410f0 Unloading class 0x000001848118a400 'java/lang/invoke/LambdaForm$DMH+0x000001848118a400'

Classes redefined (0 events):
No events

Internal exceptions (20 events):
Event: 61.284 Thread 0x00000184f42f4d40 Exception <a 'java/lang/NoSuchMethodError'{0x00000000d5be8128}: 'long java.lang.invoke.DirectMethodHandle$Holder.invokeStatic(java.lang.Object, java.lang.Object, int)'> (0x00000000d5be8128) 
thrown [s\src\hotspot\share\interpreter\linkResolver.cpp, line 773]
Event: 61.285 Thread 0x00000184f42f4d40 Exception <a 'java/lang/NoSuchMethodError'{0x00000000d5bf2728}: 'java.lang.Object java.lang.invoke.DelegatingMethodHandle$Holder.reinvoke_L(java.lang.Object, int, long, java.lang.Object, java.lang.Object, int, java.lang.Object)'> (0x00000000d5bf2728) 
thrown [s\src\hotspot\share\interpreter\linkResolver.cpp, line 773]
Event: 61.742 Thread 0x00000184f42f4d40 Exception <a 'java/lang/NoSuchMethodError'{0x00000000d61c4768}: 'java.lang.Object java.lang.invoke.DirectMethodHandle$Holder.invokeStaticInit(java.lang.Object, java.lang.Object, java.lang.Object, java.lang.Object, java.lang.Object, java.lang.Object, java.lang.Object)'> (0x00000000d61c4768) 
thrown [s\src\hotspot\share\interpreter\linkResolver.cpp, line 773]
Event: 61.743 Thread 0x00000184f42f4d40 Exception <a 'java/lang/NoSuchMethodError'{0x00000000d61c9970}: 'java.lang.Object java.lang.invoke.Invokers$Holder.invoke_MT(java.lang.Object, java.lang.Object, java.lang.Object, java.lang.Object, java.lang.Object, java.lang.Object, java.lang.Object, java.lang.Object, java.lang.Object, java.lang.Object)'> (0x00000000d61c9970) 
thrown [s\src\hotspot\share\interpreter\linkResolver.cpp, line 773]
Event: 61.822 Thread 0x00000184f42f4d40 Exception <a 'java/lang/NoSuchMethodError'{0x00000000d62099e0}: 'int java.lang.invoke.DirectMethodHandle$Holder.invokeVirtual(java.lang.Object, java.lang.Object, java.lang.Object)'> (0x00000000d62099e0) 
thrown [s\src\hotspot\share\interpreter\linkResolver.cpp, line 773]
Event: 61.822 Thread 0x00000184f42f4d40 Exception <a 'java/lang/NoSuchMethodError'{0x00000000d620dd88}: 'int java.lang.invoke.DirectMethodHandle$Holder.invokeStaticInit(java.lang.Object, int, int)'> (0x00000000d620dd88) 
thrown [s\src\hotspot\share\interpreter\linkResolver.cpp, line 773]
Event: 61.823 Thread 0x00000184f42f4d40 Exception <a 'java/lang/NoSuchMethodError'{0x00000000d6215770}: 'int java.lang.invoke.DirectMethodHandle$Holder.invokeStaticInit(java.lang.Object, long, long)'> (0x00000000d6215770) 
thrown [s\src\hotspot\share\interpreter\linkResolver.cpp, line 773]
Event: 61.823 Thread 0x00000184f42f4d40 Exception <a 'java/lang/NoSuchMethodError'{0x00000000d621c4b8}: 'int java.lang.invoke.DirectMethodHandle$Holder.invokeStaticInit(java.lang.Object, float, float)'> (0x00000000d621c4b8) 
thrown [s\src\hotspot\share\interpreter\linkResolver.cpp, line 773]
Event: 61.824 Thread 0x00000184f42f4d40 Exception <a 'java/lang/NoSuchMethodError'{0x00000000d62231f8}: 'int java.lang.invoke.DirectMethodHandle$Holder.invokeStaticInit(java.lang.Object, double, double)'> (0x00000000d62231f8) 
thrown [s\src\hotspot\share\interpreter\linkResolver.cpp, line 773]
Event: 61.825 Thread 0x00000184f42f4d40 Exception <a 'java/lang/NoSuchMethodError'{0x00000000d6227ca8}: 'int java.lang.invoke.DirectMethodHandle$Holder.invokeStatic(java.lang.Object, long)'> (0x00000000d6227ca8) 
thrown [s\src\hotspot\share\interpreter\linkResolver.cpp, line 773]
Event: 61.828 Thread 0x00000184f42f4d40 Exception <a 'java/lang/NoSuchMethodError'{0x00000000d6246b48}: 'int java.lang.invoke.Invokers$Holder.linkToTargetMethod(java.lang.Object, java.lang.Object)'> (0x00000000d6246b48) 
thrown [s\src\hotspot\share\interpreter\linkResolver.cpp, line 773]
Event: 65.200 Thread 0x00000184f42f5a60 Exception <a 'java/lang/NoSuchMethodError'{0x00000000d66413e8}: 'int java.lang.invoke.DirectMethodHandle$Holder.invokeStatic(java.lang.Object)'> (0x00000000d66413e8) 
thrown [s\src\hotspot\share\interpreter\linkResolver.cpp, line 773]
Event: 65.244 Thread 0x00000184f42f5a60 Exception <a 'java/io/FileNotFoundException'{0x00000000d68417e0}> (0x00000000d68417e0) 
thrown [s\src\hotspot\share\prims\jni.cpp, line 520]
Event: 65.244 Thread 0x00000184f42f5a60 Exception <a 'java/io/FileNotFoundException'{0x00000000d6842ae8}> (0x00000000d6842ae8) 
thrown [s\src\hotspot\share\prims\jni.cpp, line 520]
Event: 65.244 Thread 0x00000184f42f5a60 Exception <a 'java/io/FileNotFoundException'{0x00000000d6843f80}> (0x00000000d6843f80) 
thrown [s\src\hotspot\share\prims\jni.cpp, line 520]
Event: 66.249 Thread 0x00000184f42f4d40 Exception <a 'java/lang/NoSuchMethodError'{0x00000000d56c9ab0}: 'int java.lang.invoke.Invokers$Holder.invokeExact_MT(java.lang.Object, java.lang.Object)'> (0x00000000d56c9ab0) 
thrown [s\src\hotspot\share\interpreter\linkResolver.cpp, line 773]
Event: 66.824 Thread 0x00000184f42f5a60 Exception <a 'java/lang/NoSuchMethodError'{0x00000000d5a1c278}: 'java.lang.Object java.lang.invoke.DirectMethodHandle$Holder.invokeVirtual(java.lang.Object, java.lang.Object, int)'> (0x00000000d5a1c278) 
thrown [s\src\hotspot\share\interpreter\linkResolver.cpp, line 773]
Event: 66.849 Thread 0x00000184f42f5a60 Exception <a 'sun/nio/fs/WindowsException'{0x00000000d5b75578}> (0x00000000d5b75578) 
thrown [s\src\hotspot\share\prims\jni.cpp, line 520]
Event: 66.849 Thread 0x00000184f42f5a60 Exception <a 'sun/nio/fs/WindowsException'{0x00000000d5b75c90}> (0x00000000d5b75c90) 
thrown [s\src\hotspot\share\prims\jni.cpp, line 520]
Event: 71.129 Thread 0x00000184f42f4d40 Exception <a 'sun/nio/fs/WindowsException'{0x00000000d65ca988}> (0x00000000d65ca988) 
thrown [s\src\hotspot\share\prims\jni.cpp, line 520]

ZGC Phase Switch (0 events):
No events

VM Operations (20 events):
Event: 67.152 Executing safepoint VM operation: Cleanup
Event: 67.155 Executing safepoint VM operation: Cleanup done
Event: 67.795 Executing safepoint VM operation: ParallelGCFailedAllocation (Allocation Failure)
Event: 67.798 Executing safepoint VM operation: ParallelGCFailedAllocation (Allocation Failure) done
Event: 68.799 Executing safepoint VM operation: Cleanup
Event: 68.800 Executing safepoint VM operation: Cleanup done
Event: 68.834 Executing safepoint VM operation: ParallelGCFailedAllocation (Allocation Failure)
Event: 68.836 Executing safepoint VM operation: ParallelGCFailedAllocation (Allocation Failure) done
Event: 69.584 Executing safepoint VM operation: ParallelGCFailedAllocation (Allocation Failure)
Event: 69.586 Executing safepoint VM operation: ParallelGCFailedAllocation (Allocation Failure) done
Event: 70.592 Executing safepoint VM operation: Cleanup
Event: 70.592 Executing safepoint VM operation: Cleanup done
Event: 71.318 Executing non-safepoint VM operation: HandshakeAllThreads (Deoptimize)
Event: 71.318 Executing non-safepoint VM operation: HandshakeAllThreads (Deoptimize) done
Event: 71.854 Executing safepoint VM operation: ParallelGCFailedAllocation (Allocation Failure)
Event: 71.856 Executing safepoint VM operation: ParallelGCFailedAllocation (Allocation Failure) done
Event: 72.068 Executing non-safepoint VM operation: HandshakeAllThreads (Deoptimize)
Event: 72.068 Executing non-safepoint VM operation: HandshakeAllThreads (Deoptimize) done
Event: 73.069 Executing safepoint VM operation: Cleanup
Event: 73.069 Executing safepoint VM operation: Cleanup done

Memory protections (0 events):
No events

Nmethod flushes (20 events):
Event: 66.037 Thread 0x00000184dd3410f0 flushing  nmethod 0x00000184e07ed910
Event: 66.037 Thread 0x00000184dd3410f0 flushing  nmethod 0x00000184e07edc10
Event: 66.037 Thread 0x00000184dd3410f0 flushing  nmethod 0x00000184e07f3390
Event: 66.037 Thread 0x00000184dd3410f0 flushing  nmethod 0x00000184e07fcb10
Event: 66.037 Thread 0x00000184dd3410f0 flushing  nmethod 0x00000184e0864510
Event: 66.037 Thread 0x00000184dd3410f0 flushing  nmethod 0x00000184e0864990
Event: 66.037 Thread 0x00000184dd3410f0 flushing  nmethod 0x00000184e08e2690
Event: 66.037 Thread 0x00000184dd3410f0 flushing  nmethod 0x00000184e08e2f90
Event: 66.037 Thread 0x00000184dd3410f0 flushing  nmethod 0x00000184e08e3390
Event: 66.037 Thread 0x00000184dd3410f0 flushing  nmethod 0x00000184e08f6890
Event: 66.037 Thread 0x00000184dd3410f0 flushing  nmethod 0x00000184e08f7290
Event: 66.037 Thread 0x00000184dd3410f0 flushing  nmethod 0x00000184e08fbb90
Event: 66.037 Thread 0x00000184dd3410f0 flushing  nmethod 0x00000184e0927e90
Event: 66.037 Thread 0x00000184dd3410f0 flushing  nmethod 0x00000184e0928910
Event: 66.037 Thread 0x00000184dd3410f0 flushing  nmethod 0x00000184e092f110
Event: 66.037 Thread 0x00000184dd3410f0 flushing  nmethod 0x00000184e0930d10
Event: 66.037 Thread 0x00000184dd3410f0 flushing  nmethod 0x00000184e0932590
Event: 66.037 Thread 0x00000184dd3410f0 flushing  nmethod 0x00000184e093b810
Event: 66.037 Thread 0x00000184dd3410f0 flushing  nmethod 0x00000184e093f690
Event: 66.037 Thread 0x00000184dd3410f0 flushing  nmethod 0x00000184e0965310

Events (20 events):
Event: 7.156 Thread 0x00000184dd280330 Thread added: 0x00000184f495a450
Event: 36.724 Thread 0x00000184dd280330 Thread added: 0x00000184f484c9b0
Event: 36.732 Thread 0x00000184dd280330 Thread added: 0x00000184f4373cd0
Event: 37.610 Thread 0x00000184f4373cd0 Thread added: 0x00000184f4a39190
Event: 38.669 Thread 0x00000184f4373cd0 Thread added: 0x00000184f484db00
Event: 39.791 Thread 0x00000184f4373cd0 Thread added: 0x00000184f49de1e0
Event: 39.893 Thread 0x00000184f4373cd0 Thread added: 0x00000184f49e59d0
Event: 43.019 Thread 0x00000184f4373cd0 Thread added: 0x00000184f9219fa0
Event: 43.979 Thread 0x00000184f9219fa0 Thread exited: 0x00000184f9219fa0
Event: 45.063 Thread 0x00000184f4373cd0 Thread added: 0x00000184f42f74a0
Event: 45.464 Thread 0x00000184dd280330 Thread added: 0x00000184f42f53d0
Event: 45.464 Thread 0x00000184dd280330 Thread added: 0x00000184f42f46b0
Event: 45.464 Thread 0x00000184dd280330 Thread added: 0x00000184f42f7b30
Event: 45.475 Thread 0x00000184f49de1e0 Thread added: 0x00000184f42f5a60
Event: 45.625 Thread 0x00000184dd280330 Thread added: 0x00000184f42f6e10
Event: 46.171 Thread 0x00000184dd280330 Thread added: 0x00000184f42f4d40
Event: 46.171 Thread 0x00000184dd280330 Thread added: 0x00000184f42f60f0
Event: 60.328 Thread 0x00000184f49de1e0 Thread added: 0x00000184f42f6780
Event: 60.575 Thread 0x00000184f42f6780 Thread exited: 0x00000184f42f6780
Event: 71.982 Thread 0x00000184f49e59d0 Thread added: 0x00000184f9760370


Dynamic libraries:
0x00007ff79db30000 - 0x00007ff79db3e000 	c:\Users\Administrateur\.vscode\extensions\redhat.java-1.53.0-win32-x64\jre\21.0.10-win32-x86_64\bin\java.exe
0x00007ffe367f0000 - 0x00007ffe369e8000 	C:\WINDOWS\SYSTEM32\ntdll.dll
0x00007ffe35410000 - 0x00007ffe354d2000 	C:\WINDOWS\System32\KERNEL32.DLL
0x00007ffe341c0000 - 0x00007ffe344b6000 	C:\WINDOWS\System32\KERNELBASE.dll
0x00007ffe34010000 - 0x00007ffe34110000 	C:\WINDOWS\System32\ucrtbase.dll
0x00007ffe2b420000 - 0x00007ffe2b438000 	c:\Users\Administrateur\.vscode\extensions\redhat.java-1.53.0-win32-x64\jre\21.0.10-win32-x86_64\bin\jli.dll
0x00007ffe34ec0000 - 0x00007ffe35061000 	C:\WINDOWS\System32\USER32.dll
0x00007ffe33e80000 - 0x00007ffe33ea2000 	C:\WINDOWS\System32\win32u.dll
0x00007ffe364e0000 - 0x00007ffe3650b000 	C:\WINDOWS\System32\GDI32.dll
0x00007ffe34630000 - 0x00007ffe34749000 	C:\WINDOWS\System32\gdi32full.dll
0x00007ffe34590000 - 0x00007ffe3462d000 	C:\WINDOWS\System32\msvcp_win.dll
0x00007ffe1d4a0000 - 0x00007ffe1d73b000 	C:\WINDOWS\WinSxS\amd64_microsoft.windows.common-controls_6595b64144ccf1df_6.0.19041.6456_none_60b8a6cb71f64256\COMCTL32.dll
0x00007ffe35370000 - 0x00007ffe3540e000 	C:\WINDOWS\System32\msvcrt.dll
0x00007ffe2b400000 - 0x00007ffe2b41e000 	c:\Users\Administrateur\.vscode\extensions\redhat.java-1.53.0-win32-x64\jre\21.0.10-win32-x86_64\bin\VCRUNTIME140.dll
0x00007ffe36630000 - 0x00007ffe3665f000 	C:\WINDOWS\System32\IMM32.DLL
0x00007ffe2c1e0000 - 0x00007ffe2c1ec000 	c:\Users\Administrateur\.vscode\extensions\redhat.java-1.53.0-win32-x64\jre\21.0.10-win32-x86_64\bin\vcruntime140_1.dll
0x00007ffe0e070000 - 0x00007ffe0e0fd000 	c:\Users\Administrateur\.vscode\extensions\redhat.java-1.53.0-win32-x64\jre\21.0.10-win32-x86_64\bin\msvcp140.dll
0x00007ffdacdb0000 - 0x00007ffdadb51000 	c:\Users\Administrateur\.vscode\extensions\redhat.java-1.53.0-win32-x64\jre\21.0.10-win32-x86_64\bin\server\jvm.dll
0x00007ffe34870000 - 0x00007ffe34921000 	C:\WINDOWS\System32\ADVAPI32.dll
0x00007ffe36440000 - 0x00007ffe364df000 	C:\WINDOWS\System32\sechost.dll
0x00007ffe36510000 - 0x00007ffe36630000 	C:\WINDOWS\System32\RPCRT4.dll
0x00007ffe34750000 - 0x00007ffe34777000 	C:\WINDOWS\System32\bcrypt.dll
0x00007ffe35500000 - 0x00007ffe3556b000 	C:\WINDOWS\System32\WS2_32.dll
0x00007ffe333d0000 - 0x00007ffe3341b000 	C:\WINDOWS\SYSTEM32\POWRPROF.dll
0x00007ffe1fd40000 - 0x00007ffe1fd67000 	C:\WINDOWS\SYSTEM32\WINMM.dll
0x00007ffe25420000 - 0x00007ffe2542a000 	C:\WINDOWS\SYSTEM32\VERSION.dll
0x00007ffe33240000 - 0x00007ffe33252000 	C:\WINDOWS\SYSTEM32\UMPDC.dll
0x00007ffe31e90000 - 0x00007ffe31ea2000 	C:\WINDOWS\SYSTEM32\kernel.appcore.dll
0x00007ffe2bcb0000 - 0x00007ffe2bcba000 	c:\Users\Administrateur\.vscode\extensions\redhat.java-1.53.0-win32-x64\jre\21.0.10-win32-x86_64\bin\jimage.dll
0x00007ffe31ba0000 - 0x00007ffe31da1000 	C:\WINDOWS\SYSTEM32\DBGHELP.DLL
0x00007ffe0ca30000 - 0x00007ffe0ca64000 	C:\WINDOWS\SYSTEM32\dbgcore.DLL
0x00007ffe34780000 - 0x00007ffe34802000 	C:\WINDOWS\System32\bcryptPrimitives.dll
0x00007ffe2b3f0000 - 0x00007ffe2b3ff000 	c:\Users\Administrateur\.vscode\extensions\redhat.java-1.53.0-win32-x64\jre\21.0.10-win32-x86_64\bin\instrument.dll
0x00007ffe249d0000 - 0x00007ffe249f0000 	c:\Users\Administrateur\.vscode\extensions\redhat.java-1.53.0-win32-x64\jre\21.0.10-win32-x86_64\bin\java.dll
0x00007ffe35cd0000 - 0x00007ffe36440000 	C:\WINDOWS\System32\SHELL32.dll
0x00007ffe31eb0000 - 0x00007ffe32655000 	C:\WINDOWS\SYSTEM32\windows.storage.dll
0x00007ffe358c0000 - 0x00007ffe35c14000 	C:\WINDOWS\System32\combase.dll
0x00007ffe337d0000 - 0x00007ffe337fb000 	C:\WINDOWS\SYSTEM32\Wldp.dll
0x00007ffe36660000 - 0x00007ffe3672d000 	C:\WINDOWS\System32\OLEAUT32.dll
0x00007ffe34e00000 - 0x00007ffe34ead000 	C:\WINDOWS\System32\SHCORE.dll
0x00007ffe35690000 - 0x00007ffe356eb000 	C:\WINDOWS\System32\shlwapi.dll
0x00007ffe33db0000 - 0x00007ffe33dd4000 	C:\WINDOWS\SYSTEM32\profapi.dll
0x00007ffe24690000 - 0x00007ffe246a8000 	c:\Users\Administrateur\.vscode\extensions\redhat.java-1.53.0-win32-x64\jre\21.0.10-win32-x86_64\bin\zip.dll
0x00007ffe249a0000 - 0x00007ffe249b0000 	C:\Users\Administrateur\.vscode\extensions\redhat.java-1.53.0-win32-x64\jre\21.0.10-win32-x86_64\bin\net.dll
0x00007ffe25430000 - 0x00007ffe2553a000 	C:\WINDOWS\SYSTEM32\WINHTTP.dll
0x00007ffe335b0000 - 0x00007ffe3361a000 	C:\WINDOWS\system32\mswsock.dll
0x00007ffe24590000 - 0x00007ffe245a6000 	C:\Users\Administrateur\.vscode\extensions\redhat.java-1.53.0-win32-x64\jre\21.0.10-win32-x86_64\bin\nio.dll
0x00007ffe245e0000 - 0x00007ffe245f0000 	c:\Users\Administrateur\.vscode\extensions\redhat.java-1.53.0-win32-x64\jre\21.0.10-win32-x86_64\bin\verify.dll
0x00007ffe24600000 - 0x00007ffe24645000 	C:\Users\Administrateur\AppData\Roaming\Code\User\globalStorage\redhat.java\1.53.0\config_ss_win\org.eclipse.equinox.launcher\org.eclipse.equinox.launcher.win32.win32.x86_64_1.3.0.v20260203-2149\eclipse_11919.dll
0x00007ffe356f0000 - 0x00007ffe3581b000 	C:\WINDOWS\System32\ole32.dll
0x00007ffe24700000 - 0x00007ffe2470a000 	C:\Users\Administrateur\.vscode\extensions\redhat.java-1.53.0-win32-x64\jre\21.0.10-win32-x86_64\bin\management.dll
0x00007ffe246f0000 - 0x00007ffe246fc000 	C:\Users\Administrateur\.vscode\extensions\redhat.java-1.53.0-win32-x64\jre\21.0.10-win32-x86_64\bin\management_ext.dll
0x00007ffe35300000 - 0x00007ffe35308000 	C:\WINDOWS\System32\PSAPI.DLL
0x00007ffe33810000 - 0x00007ffe33828000 	C:\WINDOWS\SYSTEM32\CRYPTSP.dll
0x00007ffe32e80000 - 0x00007ffe32eb8000 	C:\WINDOWS\system32\rsaenh.dll
0x00007ffe33d30000 - 0x00007ffe33d5e000 	C:\WINDOWS\SYSTEM32\USERENV.dll
0x00007ffe33740000 - 0x00007ffe3374c000 	C:\WINDOWS\SYSTEM32\CRYPTBASE.dll
0x00007ffe33260000 - 0x00007ffe3329b000 	C:\WINDOWS\SYSTEM32\IPHLPAPI.DLL
0x00007ffe35820000 - 0x00007ffe35828000 	C:\WINDOWS\System32\NSI.dll
0x00007ffe1e6b0000 - 0x00007ffe1e6f9000 	C:\Users\Administrateur\AppData\Local\Temp\jna-253705784\jna8059078548929826244.dll
0x00007ffe22f60000 - 0x00007ffe22f77000 	C:\WINDOWS\SYSTEM32\dhcpcsvc6.DLL
0x00007ffe256a0000 - 0x00007ffe256bd000 	C:\WINDOWS\SYSTEM32\dhcpcsvc.DLL

JVMTI agents:
c:\Users\Administrateur\.vscode\extensions\redhat.java-1.53.0-win32-x64\lombok\lombok-1.18.39-4050.jar path:c:\Users\Administrateur\.vscode\extensions\redhat.java-1.53.0-win32-x64\jre\21.0.10-win32-x86_64\bin\instrument.dll, loaded, initialized, instrumentlib options:none

dbghelp: loaded successfully - version: 4.0.5 - missing functions: none
symbol engine: initialized successfully - sym options: 0x614 - pdb path: .;c:\Users\Administrateur\.vscode\extensions\redhat.java-1.53.0-win32-x64\jre\21.0.10-win32-x86_64\bin;C:\WINDOWS\SYSTEM32;C:\WINDOWS\WinSxS\amd64_microsoft.windows.common-controls_6595b64144ccf1df_6.0.19041.6456_none_60b8a6cb71f64256;c:\Users\Administrateur\.vscode\extensions\redhat.java-1.53.0-win32-x64\jre\21.0.10-win32-x86_64\bin\server;C:\Users\Administrateur\AppData\Roaming\Code\User\globalStorage\redhat.java\1.53.0\config_ss_win\org.eclipse.equinox.launcher\org.eclipse.equinox.launcher.win32.win32.x86_64_1.3.0.v20260203-2149;C:\Users\Administrateur\AppData\Local\Temp\jna-253705784

VM Arguments:
jvm_args: --add-modules=ALL-SYSTEM --add-opens=java.base/java.util=ALL-UNNAMED --add-opens=java.base/java.lang=ALL-UNNAMED --add-opens=java.base/sun.nio.fs=ALL-UNNAMED -Declipse.application=org.eclipse.jdt.ls.core.id1 -Dosgi.bundles.defaultStartLevel=4 -Declipse.product=org.eclipse.jdt.ls.core.product -Djava.import.generatesMetadataFilesAtProjectRoot=false -DDetectVMInstallationsJob.disabled=true -Dfile.encoding=utf8 -XX:+UseParallelGC -XX:GCTimeRatio=4 -XX:AdaptiveSizePolicyWeight=90 -Dsun.zip.disableMemoryMapping=true -Xmx2G -Xms100m -Xlog:disable -javaagent:c:\Users\Administrateur\.vscode\extensions\redhat.java-1.53.0-win32-x64\lombok\lombok-1.18.39-4050.jar 
java_command: c:\Users\Administrateur\.vscode\extensions\redhat.java-1.53.0-win32-x64\server\plugins\org.eclipse.equinox.launcher_1.7.100.v20251111-0406.jar -configuration c:\Users\Administrateur\AppData\Roaming\Code\User\globalStorage\redhat.java\1.53.0\config_ss_win -data c:\Users\Administrateur\AppData\Roaming\Code\User\workspaceStorage\61f85f58c0e55916e98f71e9d969f0fa\redhat.java\ss_ws --pipe=\\.\pipe\lsp-ac647866bb0c9fe9f9106533fae684db-sock
java_class_path (initial): c:\Users\Administrateur\.vscode\extensions\redhat.java-1.53.0-win32-x64\server\plugins\org.eclipse.equinox.launcher_1.7.100.v20251111-0406.jar
Launcher Type: SUN_STANDARD

[Global flags]
    uintx AdaptiveSizePolicyWeight                 = 90                                        {product} {command line}
     intx CICompilerCount                          = 2                                         {product} {ergonomic}
    uintx GCTimeRatio                              = 4                                         {product} {command line}
   size_t InitialHeapSize                          = 104857600                                 {product} {command line}
   size_t MaxHeapSize                              = 2147483648                                {product} {command line}
   size_t MaxNewSize                               = 715653120                                 {product} {ergonomic}
   size_t MinHeapDeltaBytes                        = 524288                                    {product} {ergonomic}
   size_t MinHeapSize                              = 104857600                                 {product} {command line}
   size_t NewSize                                  = 34603008                                  {product} {ergonomic}
    uintx NonNMethodCodeHeapSize                   = 5826188                                {pd product} {ergonomic}
    uintx NonProfiledCodeHeapSize                  = 122916026                              {pd product} {ergonomic}
   size_t OldSize                                  = 70254592                                  {product} {ergonomic}
    uintx ProfiledCodeHeapSize                     = 122916026                              {pd product} {ergonomic}
    uintx ReservedCodeCacheSize                    = 251658240                              {pd product} {ergonomic}
     bool SegmentedCodeCache                       = true                                      {product} {ergonomic}
   size_t SoftMaxHeapSize                          = 2147483648                             {manageable} {ergonomic}
     bool UseCompressedOops                        = true                           {product lp64_product} {ergonomic}
     bool UseLargePagesIndividualAllocation        = false                                  {pd product} {ergonomic}
     bool UseParallelGC                            = true                                      {product} {command line}

Logging:
Log output configuration:
 #0: stdout all=off uptime,level,tags foldmultilines=false
 #1: stderr all=off uptime,level,tags foldmultilines=false

Release file:
JAVA_VERSION="21.0.10" 
MODULES="java.base java.compiler java.datatransfer java.xml java.prefs java.desktop java.instrument java.logging java.management java.security.sasl java.naming java.rmi java.management.rmi java.net.http java.scripting java.security.jgss java.transaction.xa java.sql java.sql.rowset java.xml.crypto java.se java.smartcardio jdk.accessibility jdk.internal.jvmstat jdk.attach jdk.charsets jdk.internal.opt jdk.zipfs jdk.compiler jdk.crypto.ec jdk.crypto.cryptoki jdk.crypto.mscapi jdk.dynalink jdk.internal.ed jdk.editpad jdk.hotspot.agent jdk.httpserver jdk.internal.le jdk.internal.vm.ci jdk.internal.vm.compiler jdk.internal.vm.compiler.management jdk.jartool jdk.javadoc jdk.jcmd jdk.management jdk.management.agent jdk.jconsole jdk.jdeps jdk.jdwp.agent jdk.jdi jdk.jfr jdk.jshell jdk.jsobject jdk.jstatd jdk.localedata jdk.management.jfr jdk.naming.dns jdk.naming.rmi jdk.net jdk.nio.mapmode jdk.random jdk.sctp jdk.security.auth jdk.security.jgss jdk.unsupported jdk.unsupported.desktop jdk.xml.dom" 

Environment Variables:
JAVA_HOME=C:\Program Files\Eclipse Adoptium\jdk-17.0.15.6-hotspot\
PATH=C:\Program Files\Eclipse Adoptium\jdk-17.0.15.6-hotspot\bin;C:\WINDOWS\system32;C:\WINDOWS;C:\WINDOWS\System32\Wbem;C:\WINDOWS\System32\WindowsPowerShell\v1.0\;C:\WINDOWS\System32\OpenSSH\;C:\Program Files\Microsoft SQL Server\130\Tools\Binn\;C:\WINDOWS\system32\config\systemprofile\.dnx\bin;C:\Program Files\Microsoft DNX\Dnvm\;C:\Program Files\nodejs\;C:\xampp\php;C:\ProgramData\ComposerSetup\bin;C:\Program Files\Git\cmd;C:\Program Files\Eclipse Adoptium\jdk-17.0.15.6-hotspot\bin;C:\MinGW\bin;C:\Program Files\JetBrains\PyCharm Community Edition 2023.1.4\bin;;C:\Users\Administrateur\AppData\Roaming\npm;C:\Users\Administrateur\AppData\Roaming\Composer\vendor\bin;C:\Gradle\gradle-8.14.2\bin;C:\Program Files\JetBrains\IntelliJ IDEA 2025.1.2\bin;;C:\Program Files\apache-maven-3.9.10\bin;C:\Users\Administrateur\AppData\Local\Programs\Windsurf\bin;C:\mingw64\bin;C:\Users\Administrateur\AppData\Local\Programs\Microsoft VS Code\bin
USERNAME=Administrateur
OS=Windows_NT
PROCESSOR_IDENTIFIER=Intel64 Family 6 Model 94 Stepping 3, GenuineIntel
TMP=C:\Users\ADMINI~1\AppData\Local\Temp
TEMP=C:\Users\ADMINI~1\AppData\Local\Temp




Periodic native trim disabled

---------------  S Y S T E M  ---------------

OS:
 Windows 10 , 64 bit Build 19041 (10.0.19041.5915)
OS uptime: 2 days 4:55 hours
Hyper-V role detected

CPU: total 2 (initial active 2) (4 cores per cpu, 2 threads per core) family 6 model 94 stepping 3 microcode 0xcc, cx8, cmov, fxsr, ht, mmx, 3dnowpref, sse, sse2, sse3, ssse3, sse4.1, sse4.2, popcnt, lzcnt, tsc, tscinvbit, avx, avx2, aes, erms, clmul, bmi1, bmi2, rtm, adx, fma, vzeroupper, clflush, clflushopt, hv, rdtscp, f16c
Processor Information for the first 2 processors :
  Max Mhz: 2592, Current Mhz: 2592, Mhz Limit: 2592

Memory: 4k page, system-wide physical 8090M (1131M free)
TotalPageFile size 10138M (AvailPageFile size 36M)
current process WorkingSet (physical memory assigned to process): 177M, peak: 201M
current process commit charge ("private bytes"): 267M, peak: 291M

vm_info: OpenJDK 64-Bit Server VM (21.0.10+7-LTS) for windows-amd64 JRE (21.0.10+7-LTS), built on 2026-01-20T00:00:00Z by "admin" with MS VC++ 17.12 (VS2022)

END.
